******************************************************************************
            TI ARM Clang Linker PC v3.2.2                      
******************************************************************************
>> Linked Sun Jun  7 17:53:07 2026

OUTPUT FILE NAME:   <TI_Driver_Developemnt.out>
ENTRY POINT SYMBOL: "_c_int00_noinit_noargs"  address: 000002c5


MEMORY CONFIGURATION

         name            origin    length      used     unused   attr    fill
----------------------  --------  ---------  --------  --------  ----  --------
  FLASH                 00000000   00020000  00000360  0001fca0  R  X
  SRAM                  20200000   00008000  00000200  00007e00  RW X
  BCR_CONFIG            41c00000   000000ff  00000000  000000ff  R   
  BSL_CONFIG            41c00100   00000080  00000000  00000080  R   


SEGMENT ALLOCATION MAP

run origin  load origin   length   init length attrs members
----------  ----------- ---------- ----------- ----- -------
00000000    00000000    00000360   00000360    r-x
  00000000    00000000    000000c0   000000c0    r-- .intvecs
  000000c0    000000c0    00000288   00000288    r-x .text
  00000348    00000348    00000018   00000018    r-- .rodata
20207e00    20207e00    00000200   00000000    rw-
  20207e00    20207e00    00000200   00000000    rw- .stack


SECTION ALLOCATION MAP

 output                                  attributes/
section   page    origin      length       input sections
--------  ----  ----------  ----------   ----------------
.intvecs   0    00000000    000000c0     
                  00000000    000000c0     startup_mspm0g350x_ticlang.o (.intvecs)

.text      0    000000c0    00000288     
                  000000c0    000000fc     driverlib.a : dl_timer.o (.text.DL_Timer_initTimerMode)
                  000001bc    00000040     ti_msp_dl_config.o (.text.SYSCFG_DL_SYSCTL_init)
                  000001fc    00000038     ti_msp_dl_config.o (.text.SYSCFG_DL_TIMER_0_init)
                  00000234    00000034     ti_msp_dl_config.o (.text.SYSCFG_DL_initPower)
                  00000268    00000034     Main.o (.text.main)
                  0000029c    00000028     ti_msp_dl_config.o (.text.SYSCFG_DL_GPIO_init)
                  000002c4    00000020     libc.a : boot_cortex_m.c.obj (.text:_c_int00_noinit_noargs)
                  000002e4    0000001c     driverlib.a : dl_timer.o (.text.DL_Timer_setClockConfig)
                  00000300    0000001c     Main.o (.text.TIMG12_IRQHandler)
                  0000031c    00000014     ti_msp_dl_config.o (.text.SYSCFG_DL_init)
                  00000330    0000000a     driverlib.a : dl_common.o (.text.DL_Common_delayCycles)
                  0000033a    00000004     startup_mspm0g350x_ticlang.o (.text.Reset_Handler)
                  0000033e    00000004     libc.a : pre_init.c.obj (.text._system_pre_init)
                  00000342    00000004            : exit.c.obj (.text:abort)
                  00000346    00000002     startup_mspm0g350x_ticlang.o (.text.Default_Handler)

.cinit     0    00000000    00000000     

.rodata    0    00000348    00000018     
                  00000348    00000014     ti_msp_dl_config.o (.rodata.gTIMER_0TimerConfig)
                  0000035c    00000003     ti_msp_dl_config.o (.rodata.gTIMER_0ClockConfig)
                  0000035f    00000001     --HOLE-- [fill = 0]

.init_array 
*          0    00000000    00000000     UNINITIALIZED

.binit     0    00000000    00000000     

.stack     0    20207e00    00000200     UNINITIALIZED
                  20207e00    00000004     libc.a : boot_cortex_m.c.obj (.stack)
                  20207e04    000001fc     --HOLE--

__llvm_prf_cnts 
*          0    20200000    00000000     UNINITIALIZED

__llvm_prf_bits 
*          0    20200000    00000000     UNINITIALIZED

MODULE SUMMARY

       Module                         code   ro data   rw data
       ------                         ----   -------   -------
    .\
       ti_msp_dl_config.o             232    23        0      
       startup_mspm0g350x_ticlang.o   6      192       0      
       Main.o                         80     0         0      
    +--+------------------------------+------+---------+---------+
       Total:                         318    215       0      
                                                              
    C:/ti/mspm0_sdk_2_10_00_04/source/ti/driverlib/lib/ticlang/m0p/mspm0g1x0x_g3x0x/driverlib.a
       dl_timer.o                     280    0         0      
       dl_common.o                    10     0         0      
    +--+------------------------------+------+---------+---------+
       Total:                         290    0         0      
                                                              
    D:\Swapnil_Software\Code_Composer_Studio_TI\ccs\tools\compiler\ti-cgt-armllvm_3.2.2.LTS\lib\armv6m-ti-none-eabi/c/libc.a
       boot_cortex_m.c.obj            32     0         0      
       exit.c.obj                     4      0         0      
       pre_init.c.obj                 4      0         0      
    +--+------------------------------+------+---------+---------+
       Total:                         40     0         0      
                                                              
       Stack:                         0      0         512    
    +--+------------------------------+------+---------+---------+
       Grand Total:                   648    215       512    


GLOBAL SYMBOLS: SORTED ALPHABETICALLY BY Name 

address   name                    
-------   ----                    
00000347  ADC0_IRQHandler         
00000347  ADC1_IRQHandler         
00000347  AES_IRQHandler          
00000342  C$$EXIT                 
00000347  CANFD0_IRQHandler       
00000347  DAC0_IRQHandler         
00000331  DL_Common_delayCycles   
000000c1  DL_Timer_initTimerMode  
000002e5  DL_Timer_setClockConfig 
00000347  DMA_IRQHandler          
00000347  Default_Handler         
00000347  GROUP0_IRQHandler       
00000347  GROUP1_IRQHandler       
00000347  HardFault_Handler       
00000347  I2C0_IRQHandler         
00000347  I2C1_IRQHandler         
00000347  NMI_Handler             
00000347  PendSV_Handler          
00000347  RTC_IRQHandler          
0000033b  Reset_Handler           
00000347  SPI0_IRQHandler         
00000347  SPI1_IRQHandler         
00000347  SVC_Handler             
0000029d  SYSCFG_DL_GPIO_init     
000001bd  SYSCFG_DL_SYSCTL_init   
000001fd  SYSCFG_DL_TIMER_0_init  
0000031d  SYSCFG_DL_init          
00000235  SYSCFG_DL_initPower     
00000347  SysTick_Handler         
00000347  TIMA0_IRQHandler        
00000347  TIMA1_IRQHandler        
00000347  TIMG0_IRQHandler        
00000301  TIMG12_IRQHandler       
00000347  TIMG6_IRQHandler        
00000347  TIMG7_IRQHandler        
00000347  TIMG8_IRQHandler        
00000347  UART0_IRQHandler        
00000347  UART1_IRQHandler        
00000347  UART2_IRQHandler        
00000347  UART3_IRQHandler        
20208000  __STACK_END             
00000200  __STACK_SIZE            
00000000  __TI_ATRegion0_region_sz
00000000  __TI_ATRegion0_src_addr 
00000000  __TI_ATRegion0_trg_addr 
00000000  __TI_ATRegion1_region_sz
00000000  __TI_ATRegion1_src_addr 
00000000  __TI_ATRegion1_trg_addr 
00000000  __TI_ATRegion2_region_sz
00000000  __TI_ATRegion2_src_addr 
00000000  __TI_ATRegion2_trg_addr 
00000000  __TI_CINIT_Base         
00000000  __TI_CINIT_Limit        
00000000  __TI_CINIT_Warm         
ffffffff  __TI_pprof_out_hndl     
ffffffff  __TI_prof_data_size     
ffffffff  __TI_prof_data_start    
00000000  __TI_static_base__      
ffffffff  __binit__               
UNDEFED   __mpu_init              
20207e00  __stack                 
20200000  __start___llvm_prf_bits 
20200000  __start___llvm_prf_cnts 
20200000  __stop___llvm_prf_bits  
20200000  __stop___llvm_prf_cnts  
000002c5  _c_int00_noinit_noargs  
0000033f  _system_pre_init        
00000343  abort                   
ffffffff  binit                   
00000000  interruptVectors        
00000269  main                    


GLOBAL SYMBOLS: SORTED BY Symbol Address 

address   name                    
-------   ----                    
00000000  __TI_ATRegion0_region_sz
00000000  __TI_ATRegion0_src_addr 
00000000  __TI_ATRegion0_trg_addr 
00000000  __TI_ATRegion1_region_sz
00000000  __TI_ATRegion1_src_addr 
00000000  __TI_ATRegion1_trg_addr 
00000000  __TI_ATRegion2_region_sz
00000000  __TI_ATRegion2_src_addr 
00000000  __TI_ATRegion2_trg_addr 
00000000  __TI_CINIT_Base         
00000000  __TI_CINIT_Limit        
00000000  __TI_CINIT_Warm         
00000000  __TI_static_base__      
00000000  interruptVectors        
000000c1  DL_Timer_initTimerMode  
000001bd  SYSCFG_DL_SYSCTL_init   
000001fd  SYSCFG_DL_TIMER_0_init  
00000200  __STACK_SIZE            
00000235  SYSCFG_DL_initPower     
00000269  main                    
0000029d  SYSCFG_DL_GPIO_init     
000002c5  _c_int00_noinit_noargs  
000002e5  DL_Timer_setClockConfig 
00000301  TIMG12_IRQHandler       
0000031d  SYSCFG_DL_init          
00000331  DL_Common_delayCycles   
0000033b  Reset_Handler           
0000033f  _system_pre_init        
00000342  C$$EXIT                 
00000343  abort                   
00000347  ADC0_IRQHandler         
00000347  ADC1_IRQHandler         
00000347  AES_IRQHandler          
00000347  CANFD0_IRQHandler       
00000347  DAC0_IRQHandler         
00000347  DMA_IRQHandler          
00000347  Default_Handler         
00000347  GROUP0_IRQHandler       
00000347  GROUP1_IRQHandler       
00000347  HardFault_Handler       
00000347  I2C0_IRQHandler         
00000347  I2C1_IRQHandler         
00000347  NMI_Handler             
00000347  PendSV_Handler          
00000347  RTC_IRQHandler          
00000347  SPI0_IRQHandler         
00000347  SPI1_IRQHandler         
00000347  SVC_Handler             
00000347  SysTick_Handler         
00000347  TIMA0_IRQHandler        
00000347  TIMA1_IRQHandler        
00000347  TIMG0_IRQHandler        
00000347  TIMG6_IRQHandler        
00000347  TIMG7_IRQHandler        
00000347  TIMG8_IRQHandler        
00000347  UART0_IRQHandler        
00000347  UART1_IRQHandler        
00000347  UART2_IRQHandler        
00000347  UART3_IRQHandler        
20200000  __start___llvm_prf_bits 
20200000  __start___llvm_prf_cnts 
20200000  __stop___llvm_prf_bits  
20200000  __stop___llvm_prf_cnts  
20207e00  __stack                 
20208000  __STACK_END             
ffffffff  __TI_pprof_out_hndl     
ffffffff  __TI_prof_data_size     
ffffffff  __TI_prof_data_start    
ffffffff  __binit__               
ffffffff  binit                   
UNDEFED   __mpu_init              

[71 symbols]
